Welcome to Kappa interpreter
undefined
[(fromList [(Ident "a",1)],fromList [],fromList [])]
