Welcome to Kappa interpreter
35
[(fromList [(Ident "root",fromList [(Ident "left",fromList [(Ident "a",10),(Ident "b",20)]),(Ident "right",fromList [(Ident "c",5),(Ident "d",0)])])],fromList [(Ident "main",([],[SStm (ExprS (Sexpr (Eassign [Ident "root",Ident "left",Ident "a"] (Econst (Eint 10))))),SStm (ExprS (Sexpr (Eassign [Ident "root",Ident "left",Ident "b"] (Econst (Eint 20))))),SStm (ExprS (Sexpr (Eassign [Ident "root",Ident "right",Ident "c"] (Econst (Eint 5))))),SStm (ExprS (Sexpr (Eassign [Ident "root",Ident "right",Ident "d"] (Econst (Eint 0))))),SStm (JumpS (SjumpFive (Eplus (Eplus (Eplus (Evar [Ident "root",Ident "left",Ident "a"]) (Evar [Ident "root",Ident "left",Ident "b"])) (Evar [Ident "root",Ident "right",Ident "c"])) (Evar [Ident "root",Ident "right",Ident "d"]))))]))],fromList [])]
