Welcome to Kappa interpreter
Undefined
[(fromList [],fromList [(Ident "main",([],[SStm (JumpS SjumpFour)]))],fromList [(Ident "ns1",fromList [(Ident "fun1",([],[SStm (JumpS (SjumpFive (Econst (Eint 10))))]))])])]
