Welcome to Kappa interpreter
undefined
[(fromList [],fromList [(Ident "a",([Ident "a",Ident "b"],[SStm (JumpS SjumpFour)])),(Ident "b",([Ident "b"],[SStm (JumpS (SjumpFive (Econst (Eint 1))))])),(Ident "c",([Ident "a",Ident "z"],[SStm (JumpS SjumpFour)]))],fromList [])]
