Welcome to Kappa interpreter
222232244629420445529739893461909967206666939096499764990979600
[(fromList [],fromList [(Ident "fib",([Ident "n"],[SStm (IfS (SIf (Eeq (Evar [Ident "n"]) (Econst (Eint 0))) (JumpS (SjumpFive (Econst (Eint 0)))))),SStm (DecS (Ddec (Declarators Type_specifier_int [OnlyDecl (VarName (Ident "a")),OnlyDecl (VarName (Ident "b")),OnlyDecl (VarName (Ident "tmp"))]))),SStm (ExprS (Sexpr (Eassign [Ident "a"] (Econst (Eint 0))))),SStm (ExprS (Sexpr (Eassign [Ident "b"] (Econst (Eint 1))))),SStm (DecS (Ddec (Declarators Type_specifier_int [InitDecl (VarName (Ident "i")) (InitExpr (Econst (Eint 0)))]))),SStm (IterS (SiterWhile (Elthen (Evar [Ident "i"]) (Eminus (Evar [Ident "n"]) (Econst (Eint 1)))) (ListS [SStm (ExprS (Sexpr (Eassign [Ident "tmp"] (Evar [Ident "a"])))),SStm (ExprS (Sexpr (Eassign [Ident "a"] (Evar [Ident "b"])))),SStm (ExprS (Sexpr (Eassign [Ident "b"] (Evar [Ident "tmp"])))),SStm (ExprS (Sexpr (Eassign [Ident "b"] (Eplus (Evar [Ident "b"]) (Evar [Ident "a"]))))),SStm (ExprS (Sexpr (Eassign [Ident "i"] (Eplus (Evar [Ident "i"]) (Econst (Eint 1))))))]))),SStm (DecS Dempty),SStm (JumpS (SjumpFive (Evar [Ident "b"])))])),(Ident "main",([],[SStm (JumpS (SjumpFive (Efunk (Ident "fib") [Econst (Eint 300)])))]))],fromList [])]
